../Core/Src/main.c:90:5:main	8	static
../Core/Src/main.c:140:6:SystemClock_Config	88	static
../Core/Src/main.c:188:13:MX_ADC1_Init	24	static
../Core/Src/main.c:240:13:MX_I2C1_Init	8	static
../Core/Src/main.c:274:13:MX_TIM4_Init	32	static
../Core/Src/main.c:319:13:MX_USART2_UART_Init	8	static
../Core/Src/main.c:350:13:MX_DMA_Init	16	static
../Core/Src/main.c:368:13:MX_GPIO_Init	48	static
../Core/Src/main.c:490:6:IMU_initialise	32	static
../Core/Src/main.c:506:6:IMU_sensor	24	static
../Core/Src/main.c:537:6:HAL_TIM_PeriodElapsedCallback	24	static
../Core/Src/main.c:547:6:HAL_I2C_MemRxCpltCallback	16	static
../Core/Src/main.c:558:6:Error_Handler	4	static,ignoring_inline_asm
